(base) vijay-hosapeti@vijay-hosapeti-HP-Laptop-15s-fq5xxx:~$ sudo apt update
[sudo] password for vijay-hosapeti: 
Hit:1 http://archive.ubuntu.com/ubuntu noble InRelease                                                                                    
Hit:2 http://security.ubuntu.com/ubuntu noble-security InRelease                                                                          
Hit:3 https://dl.google.com/linux/chrome/deb stable InRelease                                                                             
Hit:4 http://archive.ubuntu.com/ubuntu noble-updates InRelease      
Hit:5 https://brave-browser-apt-release.s3.brave.com stable InRelease
Hit:6 http://archive.ubuntu.com/ubuntu noble-backports InRelease
Reading package lists... Done
Building dependency tree... Done
Reading state information... Done
23 packages can be upgraded. Run 'apt list --upgradable' to see them.
N: Skipping acquire of configured file 'main/binary-i386/Packages' as repository 'https://brave-browser-apt-release.s3.brave.com stable InRelease' doesn't support architecture 'i386'
(base) vijay-hosapeti@vijay-hosapeti-HP-Laptop-15s-fq5xxx:~$ sudo apt install gradle
Reading package lists... Done
Building dependency tree... Done
Reading state information... Done
The following additional packages will be installed:
  ant ant-optional antlr bnd groovy ivy java-wrappers junit4 libantlr-java libaopalliance-java libapache-pom-java libasm-java libatinject-jsr330-api-java libbcel-java libbcpg-java
  libbcprov-java libbindex-java libbsf-java libbsh-java libcdi-api-java libcommons-cli-java libcommons-codec-java libcommons-collections3-java libcommons-compress-java libcommons-io-java
  libcommons-lang-java libcommons-lang3-java libcommons-logging-java libcommons-parent-java libdd-plist-java libdom4j-java libeclipse-jdt-annotation-java libel-api-java liberror-prone-java
  libfelix-framework-java libfelix-gogo-runtime-java libfelix-osgi-obr-java libfelix-resolver-java libfindbugs-java libgeronimo-annotation-1.3-spec-java
  libgeronimo-interceptor-3.0-spec-java libgoogle-gson-java libgpars-groovy-java libgradle-core-java libgradle-plugins-java libguava-java libguice-java libhamcrest-java
  libhawtjni-runtime-java libhttpclient-java libhttpcore-java libjansi-java libjansi-native-java libjansi1-java libjarjar-java libjatl-java libjavaewah-java libjaxen-java libjcifs-java
  libjcip-annotations-java libjcommander-java libjcsp-java libjetty9-java libjformatstring-java libjgit-java libjline2-java libjna-java libjna-jni libjsch-java libjsoup-java
  libjsp-api-java libjsr166y-java libjsr305-java libjzlib-java libkryo-java libkxml2-java liblogback-java libmaven-parent-java libmaven-resolver-java libmaven-shared-utils-java
  libmaven3-core-java libminlog-java libmultiverse-core-java libnative-platform-java libnative-platform-jni libnekohtml-java libobjenesis-java libosgi-annotation-java
  libosgi-compendium-java libosgi-core-java libplexus-cipher-java libplexus-classworlds-java libplexus-component-annotations-java libplexus-container-default-java
  libplexus-interpolation-java libplexus-sec-dispatcher-java libplexus-utils2-java libpolyglot-maven-java libqdox-java libreflectasm-java libreflectasm-java-doc librhino-java
  libservlet-api-java libsimple-http-java libsisu-inject-java libsisu-plexus-java libslf4j-java libwagon-file-java libwagon-http-java libwagon-provider-api-java libwebsocket-api-java
  libxbean-reflect-java libxerces2-java libxml-commons-external-java libxml-commons-resolver1.1-java libxpp3-java libxstream-java libxz-java libyaml-snake-java testng
Suggested packages:
  ant-doc default-jdk | java-compiler | java-sdk javacc junit jython libactivation-java libcommons-net-java libmail-java libjaxp1.3-java libjdepend-java liblog4j1.2-java liboro-java
  libregexp-java libxalan2-java gradle-doc groovy-doc ivy-doc libjsch-agent-proxy-java libatinject-jsr330-api-java-doc libbcel-java-doc bsh rhino libcommons-collections3-java-doc
  libcommons-io-java-doc libcommons-lang-java-doc libavalon-framework-java libexcalibur-logkit-java libmsv-java libxpp2-java libfelix-framework-java-doc libfelix-gogo-runtime-java-doc
  libfelix-osgi-obr-java-doc libgoogle-gson-java-doc libcglib-java libjdom1-java libxom-java libjcifs-java-doc libjcommander-java-doc libjcsp-java-doc jetty9 libjsoup-java-doc
  libjsr305-java-doc libjanino-java libtomcat9-java libmaven-shared-utils-java-doc libnative-platform-java-doc libnekohtml-java-doc libosgi-annotation-java-doc libosgi-compendium-java-doc
  libosgi-core-java-doc libplexus-utils2-java-doc libpolyglot-maven-java-doc libqdox-java-doc libsimple-http-java-doc libxerces2-java-doc libxml-commons-resolver1.1-java-doc
  libcglib-nodep-java libjdom2-java libjettison-java libjoda-time-java
The following NEW packages will be installed:
  ant ant-optional antlr bnd gradle groovy ivy java-wrappers junit4 libantlr-java libaopalliance-java libapache-pom-java libasm-java libatinject-jsr330-api-java libbcel-java libbcpg-java
  libbcprov-java libbindex-java libbsf-java libbsh-java libcdi-api-java libcommons-cli-java libcommons-codec-java libcommons-collections3-java libcommons-compress-java libcommons-io-java
  libcommons-lang-java libcommons-lang3-java libcommons-logging-java libcommons-parent-java libdd-plist-java libdom4j-java libeclipse-jdt-annotation-java libel-api-java liberror-prone-java
  libfelix-framework-java libfelix-gogo-runtime-java libfelix-osgi-obr-java libfelix-resolver-java libfindbugs-java libgeronimo-annotation-1.3-spec-java
  libgeronimo-interceptor-3.0-spec-java libgoogle-gson-java libgpars-groovy-java libgradle-core-java libgradle-plugins-java libguava-java libguice-java libhamcrest-java
  libhawtjni-runtime-java libhttpclient-java libhttpcore-java libjansi-java libjansi-native-java libjansi1-java libjarjar-java libjatl-java libjavaewah-java libjaxen-java libjcifs-java
  libjcip-annotations-java libjcommander-java libjcsp-java libjetty9-java libjformatstring-java libjgit-java libjline2-java libjna-java libjna-jni libjsch-java libjsoup-java
  libjsp-api-java libjsr166y-java libjsr305-java libjzlib-java libkryo-java libkxml2-java liblogback-java libmaven-parent-java libmaven-resolver-java libmaven-shared-utils-java
  libmaven3-core-java libminlog-java libmultiverse-core-java libnative-platform-java libnative-platform-jni libnekohtml-java libobjenesis-java libosgi-annotation-java
  libosgi-compendium-java libosgi-core-java libplexus-cipher-java libplexus-classworlds-java libplexus-component-annotations-java libplexus-container-default-java
  libplexus-interpolation-java libplexus-sec-dispatcher-java libplexus-utils2-java libpolyglot-maven-java libqdox-java libreflectasm-java libreflectasm-java-doc librhino-java
  libservlet-api-java libsimple-http-java libsisu-inject-java libsisu-plexus-java libslf4j-java libwagon-file-java libwagon-http-java libwagon-provider-api-java libwebsocket-api-java
  libxbean-reflect-java libxerces2-java libxml-commons-external-java libxml-commons-resolver1.1-java libxpp3-java libxstream-java libxz-java libyaml-snake-java testng
0 upgraded, 121 newly installed, 0 to remove and 23 not upgraded.
Need to get 78.2 MB of archives.
After this operation, 120 MB of additional disk space will be used.
Do you want to continue? [Y/n] y
Get:1 http://archive.ubuntu.com/ubuntu noble/universe amd64 ant all 1.10.14-1 [2,147 kB]
Get:2 http://archive.ubuntu.com/ubuntu noble/universe amd64 ant-optional all 1.10.14-1 [451 kB]
Get:3 http://archive.ubuntu.com/ubuntu noble/universe amd64 libantlr-java all 2.7.7+dfsg-13build1 [453 kB]
Get:4 http://archive.ubuntu.com/ubuntu noble/universe amd64 antlr all 2.7.7+dfsg-13build1 [5,174 B]
Get:5 http://archive.ubuntu.com/ubuntu noble/universe amd64 java-wrappers all 0.4 [8,662 B]
Get:6 http://archive.ubuntu.com/ubuntu noble/universe amd64 libhamcrest-java all 2.2-2 [117 kB]
Get:7 http://archive.ubuntu.com/ubuntu noble/universe amd64 junit4 all 4.13.2-4 [347 kB]
Get:8 http://archive.ubuntu.com/ubuntu noble/universe amd64 libfelix-framework-java all 4.6.1-2.1 [552 kB]
Get:9 http://archive.ubuntu.com/ubuntu noble/universe amd64 libfelix-gogo-runtime-java all 0.16.2-1.1 [113 kB]
Get:10 http://archive.ubuntu.com/ubuntu noble/universe amd64 libosgi-annotation-java all 8.1.0-1 [9,356 B]                                                                                   
Get:11 http://archive.ubuntu.com/ubuntu noble/universe amd64 libosgi-core-java all 8.0.0-2 [181 kB]                                                                                          
Get:12 http://archive.ubuntu.com/ubuntu noble/universe amd64 libfelix-resolver-java all 1.16.0-1 [179 kB]                                                                                    
Get:13 http://archive.ubuntu.com/ubuntu noble/universe amd64 libhawtjni-runtime-java all 1.18-1 [28.9 kB]                                                                                    
Get:14 http://archive.ubuntu.com/ubuntu noble/universe amd64 libjansi-native-java all 1.8-2 [24.1 kB]                                                                                        
Get:15 http://archive.ubuntu.com/ubuntu noble/universe amd64 libjansi1-java all 1.18-3ubuntu1 [56.0 kB]                                                                                      
Get:16 http://archive.ubuntu.com/ubuntu noble/universe amd64 libjline2-java all 2.14.6-5 [150 kB]                                                                                            
Get:17 http://archive.ubuntu.com/ubuntu noble/universe amd64 libosgi-compendium-java all 7.0.0-1 [477 kB]                                                                                    
Get:18 http://archive.ubuntu.com/ubuntu noble/universe amd64 libslf4j-java all 1.7.32-1 [141 kB]                                                                                             
Get:19 http://archive.ubuntu.com/ubuntu noble/universe amd64 libxz-java all 1.9-1 [140 kB]                                                                                                   
Get:20 http://archive.ubuntu.com/ubuntu noble/universe amd64 libyaml-snake-java all 1.33-2 [320 kB]                                                                                          
Get:21 http://archive.ubuntu.com/ubuntu noble/universe amd64 bnd all 5.0.1-5 [9,997 kB]                                                                                                      
Get:22 http://archive.ubuntu.com/ubuntu noble/universe amd64 ivy all 2.5.2-1 [1,286 kB]                                                                                                      
Get:23 http://archive.ubuntu.com/ubuntu noble/universe amd64 libasm-java all 9.7-1 [392 kB]                                                                                                  
Get:24 http://archive.ubuntu.com/ubuntu noble/universe amd64 libbsf-java all 1:2.4.0-8 [73.6 kB]                                                                                             
Get:25 http://archive.ubuntu.com/ubuntu noble/universe amd64 libcommons-cli-java all 1.6.0-1 [59.9 kB]                                                                                       
Get:26 http://archive.ubuntu.com/ubuntu noble/universe amd64 libapache-pom-java all 29-2 [5,284 B]                                                                                           
Get:27 http://archive.ubuntu.com/ubuntu noble/universe amd64 libcommons-parent-java all 56-1 [10.7 kB]                                                                                       
Get:28 http://archive.ubuntu.com/ubuntu noble/universe amd64 libcommons-logging-java all 1.3.0-1ubuntu1 [63.8 kB]                                                                            
Get:29 http://archive.ubuntu.com/ubuntu noble/universe amd64 libjansi-java all 2.4.1-2 [83.0 kB]                                                                                             
Get:30 http://archive.ubuntu.com/ubuntu noble/universe amd64 libjsp-api-java all 2.3.4-3 [53.7 kB]                                                                                           
Get:31 http://archive.ubuntu.com/ubuntu noble/universe amd64 libqdox-java all 1.12.1-3 [172 kB]                                                                                              
Get:32 http://archive.ubuntu.com/ubuntu noble/universe amd64 libservlet-api-java all 4.0.1-2 [81.0 kB]                                                                                       
Get:33 http://archive.ubuntu.com/ubuntu noble/universe amd64 libxpp3-java all 1.1.4c-3 [292 kB]                                                                                              
Get:34 http://archive.ubuntu.com/ubuntu noble/universe amd64 libxstream-java all 1.4.20-1 [561 kB]                                                                                           
Get:35 http://archive.ubuntu.com/ubuntu noble/universe amd64 groovy all 2.4.21-10 [10.8 MB]                                                                                                  
Get:36 http://archive.ubuntu.com/ubuntu noble/universe amd64 libatinject-jsr330-api-java all 1.0+ds1-5 [5,348 B]                                                                             
Get:37 http://archive.ubuntu.com/ubuntu noble/universe amd64 libcommons-collections3-java all 3.2.2-3 [526 kB]                                                                               
Get:38 http://archive.ubuntu.com/ubuntu noble/universe amd64 libcommons-compress-java all 1.25.0-1 [612 kB]                                                                                  
Get:39 http://archive.ubuntu.com/ubuntu noble/universe amd64 libcommons-io-java all 2.11.0-2 [297 kB]                                                                                        
Get:40 http://archive.ubuntu.com/ubuntu noble/universe amd64 libcommons-lang-java all 2.6-10 [270 kB]                                                                                        
Get:41 http://archive.ubuntu.com/ubuntu noble/universe amd64 liberror-prone-java all 2.18.0-1 [22.5 kB]                                                                                      
Get:42 http://archive.ubuntu.com/ubuntu noble/universe amd64 libjsr305-java all 0.1~+svn49-11 [27.0 kB]                                                                                      
Get:43 http://archive.ubuntu.com/ubuntu noble/universe amd64 libguava-java all 32.0.1-1 [2,692 kB]                                                                                           
Get:44 http://archive.ubuntu.com/ubuntu noble/universe amd64 libcommons-codec-java all 1.16.0-1 [306 kB]                                                                                     
Get:45 http://archive.ubuntu.com/ubuntu noble/universe amd64 libhttpcore-java all 4.4.16-1 [612 kB]                                                                                          
Get:46 http://archive.ubuntu.com/ubuntu noble/universe amd64 libhttpclient-java all 4.5.14-1 [1,241 kB]                                                                                      
Get:47 http://archive.ubuntu.com/ubuntu noble/universe amd64 libjarjar-java all 1.4+svn142-12 [201 kB]                                                                                       
Get:48 http://archive.ubuntu.com/ubuntu noble/universe amd64 libjcip-annotations-java all 20060626-6 [11.8 kB]                                                                               
Get:49 http://archive.ubuntu.com/ubuntu noble/universe amd64 libjna-jni amd64 5.14.0-1 [33.9 kB]                                                                                             
Get:50 http://archive.ubuntu.com/ubuntu noble/universe amd64 libjna-java all 5.14.0-1 [201 kB]                                                                                               
Get:51 http://archive.ubuntu.com/ubuntu noble/universe amd64 libjzlib-java all 1.1.3-3 [76.8 kB]                                                                                             
Get:52 http://archive.ubuntu.com/ubuntu noble/universe amd64 libjsch-java all 0.1.55-1 [283 kB]                                                                                              
Get:53 http://archive.ubuntu.com/ubuntu noble/universe amd64 libminlog-java all 1.3.0-1.1 [7,968 B]                                                                                          
Get:54 http://archive.ubuntu.com/ubuntu noble/universe amd64 libobjenesis-java all 3.3-3 [41.1 kB]                                                                                           
Get:55 http://archive.ubuntu.com/ubuntu noble/universe amd64 libreflectasm-java all 1.11.9+dfsg-4 [24.8 kB]                                                                                  
Get:56 http://archive.ubuntu.com/ubuntu noble/universe amd64 libkryo-java all 2.20-7 [157 kB]                                                                                                
Get:57 http://archive.ubuntu.com/ubuntu noble/universe amd64 liblogback-java all 1:1.2.11-5 [697 kB]                                                                                         
Get:58 http://archive.ubuntu.com/ubuntu noble/universe amd64 libnative-platform-jni amd64 0.14-6 [11.8 kB]                                                                                   
Get:59 http://archive.ubuntu.com/ubuntu noble/universe amd64 libnative-platform-java all 0.14-6 [68.4 kB]                                                                                    
Get:60 http://archive.ubuntu.com/ubuntu noble/universe amd64 libxml-commons-external-java all 1.4.01-6 [240 kB]                                                                              
Get:61 http://archive.ubuntu.com/ubuntu noble/universe amd64 libxml-commons-resolver1.1-java all 1.2-11 [97.6 kB]                                                                            
Get:62 http://archive.ubuntu.com/ubuntu noble/universe amd64 libxerces2-java all 2.12.2-1 [1,430 kB]                                                                                         
Get:63 http://archive.ubuntu.com/ubuntu noble/universe amd64 libnekohtml-java all 1.9.22.noko2-0.1 [124 kB]                                                                                  
Get:64 http://archive.ubuntu.com/ubuntu noble/universe amd64 libxbean-reflect-java all 4.5-8 [132 kB]                                                                                        
Get:65 http://archive.ubuntu.com/ubuntu noble/universe amd64 libgradle-core-java all 4.4.1-20 [4,267 kB]                                                                                     
Get:66 http://archive.ubuntu.com/ubuntu noble/universe amd64 libbcprov-java all 1.77-1 [5,227 kB]                                                                                            
Get:67 http://archive.ubuntu.com/ubuntu noble/universe amd64 libbcpg-java all 1.77-1 [363 kB]                                                                                                
Get:68 http://archive.ubuntu.com/ubuntu noble/universe amd64 libbsh-java all 2.0b4-20 [289 kB]                                                                                               
Get:69 http://archive.ubuntu.com/ubuntu noble/universe amd64 libdd-plist-java all 1.20-1.1 [72.6 kB]                                                                                         
Get:70 http://archive.ubuntu.com/ubuntu noble/universe amd64 libjaxen-java all 1.1.6-4 [214 kB]                                                                                              
Get:71 http://archive.ubuntu.com/ubuntu noble/universe amd64 libdom4j-java all 2.1.4-1 [310 kB]                                                                                              
Get:72 http://archive.ubuntu.com/ubuntu noble/universe amd64 libbcel-java all 6.5.0-2 [626 kB]                                                                                               
Get:73 http://archive.ubuntu.com/ubuntu noble/universe amd64 libjformatstring-java all 0.10~20131207-2.1 [34.5 kB]                                                                           
Get:74 http://archive.ubuntu.com/ubuntu noble/universe amd64 libfindbugs-java all 3.1.0~preview2-3 [3,502 kB]                                                                                
Get:75 http://archive.ubuntu.com/ubuntu noble/universe amd64 libgoogle-gson-java all 2.10.1-1 [252 kB]                                                                                       
Get:76 http://archive.ubuntu.com/ubuntu noble/universe amd64 libaopalliance-java all 20070526-7 [8,166 B]                                                                                    
Get:77 http://archive.ubuntu.com/ubuntu noble/universe amd64 libguice-java all 4.2.3-2 [1,434 kB]                                                                                            
Get:78 http://archive.ubuntu.com/ubuntu noble/universe amd64 libjatl-java all 0.2.3-1.1 [29.0 kB]                                                                                            
Get:79 http://archive.ubuntu.com/ubuntu noble/universe amd64 libjcifs-java all 1.3.19-2 [376 kB]                                                                                             
Get:80 http://archive.ubuntu.com/ubuntu noble/universe amd64 libeclipse-jdt-annotation-java all 2.2.700+eclipse4.26-2 [25.5 kB]                                                              
Get:81 http://archive.ubuntu.com/ubuntu noble/universe amd64 libjavaewah-java all 1.2.3-1 [153 kB]                                                                                           
Get:82 http://archive.ubuntu.com/ubuntu noble/universe amd64 libel-api-java all 3.0.0-3 [64.9 kB]                                                                                            
Get:83 http://archive.ubuntu.com/ubuntu noble/universe amd64 libwebsocket-api-java all 1.1-2 [40.1 kB]                                                                                       
Get:84 http://archive.ubuntu.com/ubuntu noble/universe amd64 libjetty9-java all 9.4.53-1 [2,807 kB]                                                                                          
Get:85 http://archive.ubuntu.com/ubuntu noble/universe amd64 libjgit-java all 4.11.9-2 [2,518 kB]                                                                                            
Get:86 http://archive.ubuntu.com/ubuntu noble/universe amd64 libcommons-lang3-java all 3.14.0-1 [586 kB]                                                                                     
Get:87 http://archive.ubuntu.com/ubuntu noble/universe amd64 libplexus-utils2-java all 3.4.2-1 [256 kB]                                                                                      
Get:88 http://archive.ubuntu.com/ubuntu noble/universe amd64 libwagon-provider-api-java all 3.5.3-1 [47.9 kB]                                                                                
Get:89 http://archive.ubuntu.com/ubuntu noble/universe amd64 libmaven-resolver-java all 1.6.3-1 [544 kB]                                                                                     
Get:90 http://archive.ubuntu.com/ubuntu noble/universe amd64 libgeronimo-annotation-1.3-spec-java all 1.3-1 [11.2 kB]                                                                        
Get:91 http://archive.ubuntu.com/ubuntu noble/universe amd64 libmaven-parent-java all 35-1 [5,810 B]                                                                                         
Get:92 http://archive.ubuntu.com/ubuntu noble/universe amd64 libmaven-shared-utils-java all 3.3.4-1 [137 kB]                                                                                 
Get:93 http://archive.ubuntu.com/ubuntu noble/universe amd64 libplexus-cipher-java all 2.0-1 [14.7 kB]                                                                                       
Get:94 http://archive.ubuntu.com/ubuntu noble/universe amd64 libplexus-classworlds-java all 2.7.0-1 [50.0 kB]                                                                                
Get:95 http://archive.ubuntu.com/ubuntu noble/universe amd64 libplexus-component-annotations-java all 2.1.1-1 [6,550 B]                                                                      
Get:96 http://archive.ubuntu.com/ubuntu noble/universe amd64 libplexus-interpolation-java all 1.26-1 [76.8 kB]                                                                               
Get:97 http://archive.ubuntu.com/ubuntu noble/universe amd64 libplexus-sec-dispatcher-java all 2.0-3 [28.1 kB]                                                                               
Get:98 http://archive.ubuntu.com/ubuntu noble/universe amd64 libgeronimo-interceptor-3.0-spec-java all 1.0.1-4fakesync [8,616 B]                                                             
Get:99 http://archive.ubuntu.com/ubuntu noble/universe amd64 libcdi-api-java all 1.2-3 [54.3 kB]                                                                                             
Get:100 http://archive.ubuntu.com/ubuntu noble/universe amd64 libsisu-inject-java all 0.3.4-2 [347 kB]                                                                                       
Get:101 http://archive.ubuntu.com/ubuntu noble/universe amd64 libsisu-plexus-java all 0.3.4-3 [181 kB]                                                                                       
Get:102 http://archive.ubuntu.com/ubuntu noble/universe amd64 libmaven3-core-java all 3.8.7-2 [1,565 kB]                                                                                     
Get:103 http://archive.ubuntu.com/ubuntu noble/universe amd64 libplexus-container-default-java all 2.1.1-1 [191 kB]                                                                          
Get:104 http://archive.ubuntu.com/ubuntu noble/universe amd64 libpolyglot-maven-java all 0.8~tobrien+git20120905-10 [75.0 kB]                                                                
Get:105 http://archive.ubuntu.com/ubuntu noble/universe amd64 librhino-java all 1.7.14-2.1 [1,330 kB]                                                                                        
Get:106 http://archive.ubuntu.com/ubuntu noble/universe amd64 libsimple-http-java all 4.1.21-1.1fakesync1 [211 kB]                                                                           
Get:107 http://archive.ubuntu.com/ubuntu noble/universe amd64 libwagon-file-java all 3.5.3-1 [7,918 B]                                                                                       
Get:108 http://archive.ubuntu.com/ubuntu noble/universe amd64 libjsoup-java all 1.15.3-1 [407 kB]                                                                                            
Get:109 http://archive.ubuntu.com/ubuntu noble/universe amd64 libwagon-http-java all 3.5.3-1 [48.8 kB]                                                                                       
Get:110 http://archive.ubuntu.com/ubuntu noble/universe amd64 libjcommander-java all 1.71-4 [68.5 kB]                                                                                        
Get:111 http://archive.ubuntu.com/ubuntu noble/universe amd64 testng all 6.9.12-4 [773 kB]                                                                                                   
Get:112 http://archive.ubuntu.com/ubuntu noble/universe amd64 libgradle-plugins-java all 4.4.1-20 [5,190 kB]                                                                                 
Get:113 http://archive.ubuntu.com/ubuntu noble/universe amd64 gradle all 4.4.1-20 [394 kB]                                                                                                   
Get:114 http://archive.ubuntu.com/ubuntu noble/universe amd64 libfelix-osgi-obr-java all 1.0.2-5fakesync1 [8,680 B]                                                                          
Get:115 http://archive.ubuntu.com/ubuntu noble/universe amd64 libkxml2-java all 2.3.0+ds1-2.1 [157 kB]                                                                                       
Get:116 http://archive.ubuntu.com/ubuntu noble/universe amd64 libbindex-java all 2.2+svn101-4 [67.9 kB]                                                                                      
Get:117 http://archive.ubuntu.com/ubuntu noble/universe amd64 libjcsp-java all 1.1-rc4-3 [427 kB]                                                                                            
Get:118 http://archive.ubuntu.com/ubuntu noble/universe amd64 libjsr166y-java all 1.7.0-3 [617 kB]                                                                                           
Get:119 http://archive.ubuntu.com/ubuntu noble/universe amd64 libmultiverse-core-java all 0.7.0-6 [219 kB]                                                                                   
Get:120 http://archive.ubuntu.com/ubuntu noble/universe amd64 libgpars-groovy-java all 1.2.1-11 [1,113 kB]                                                                                   
Get:121 http://archive.ubuntu.com/ubuntu noble/universe amd64 libreflectasm-java-doc all 1.11.9+dfsg-4 [64.9 kB]                                                                             
Fetched 78.2 MB in 1min 10s (1,121 kB/s)                                                                                                                                                     
Extracting templates from packages: 100%
Selecting previously unselected package ant.
(Reading database ... 216610 files and directories currently installed.)
Preparing to unpack .../000-ant_1.10.14-1_all.deb ...
Unpacking ant (1.10.14-1) ...
Selecting previously unselected package ant-optional.
Preparing to unpack .../001-ant-optional_1.10.14-1_all.deb ...
Unpacking ant-optional (1.10.14-1) ...
Selecting previously unselected package libantlr-java.
Preparing to unpack .../002-libantlr-java_2.7.7+dfsg-13build1_all.deb ...
Unpacking libantlr-java (2.7.7+dfsg-13build1) ...
Selecting previously unselected package antlr.
Preparing to unpack .../003-antlr_2.7.7+dfsg-13build1_all.deb ...
Unpacking antlr (2.7.7+dfsg-13build1) ...
Selecting previously unselected package java-wrappers.
Preparing to unpack .../004-java-wrappers_0.4_all.deb ...
Unpacking java-wrappers (0.4) ...
Selecting previously unselected package libhamcrest-java.
Preparing to unpack .../005-libhamcrest-java_2.2-2_all.deb ...
Unpacking libhamcrest-java (2.2-2) ...
Selecting previously unselected package junit4.
Preparing to unpack .../006-junit4_4.13.2-4_all.deb ...
Unpacking junit4 (4.13.2-4) ...
Selecting previously unselected package libfelix-framework-java.
Preparing to unpack .../007-libfelix-framework-java_4.6.1-2.1_all.deb ...
Unpacking libfelix-framework-java (4.6.1-2.1) ...
Selecting previously unselected package libfelix-gogo-runtime-java.
Preparing to unpack .../008-libfelix-gogo-runtime-java_0.16.2-1.1_all.deb ...
Unpacking libfelix-gogo-runtime-java (0.16.2-1.1) ...
Selecting previously unselected package libosgi-annotation-java.
Preparing to unpack .../009-libosgi-annotation-java_8.1.0-1_all.deb ...
Unpacking libosgi-annotation-java (8.1.0-1) ...
Selecting previously unselected package libosgi-core-java.
Preparing to unpack .../010-libosgi-core-java_8.0.0-2_all.deb ...
Unpacking libosgi-core-java (8.0.0-2) ...
Selecting previously unselected package libfelix-resolver-java.
Preparing to unpack .../011-libfelix-resolver-java_1.16.0-1_all.deb ...
Unpacking libfelix-resolver-java (1.16.0-1) ...
Selecting previously unselected package libhawtjni-runtime-java.
Preparing to unpack .../012-libhawtjni-runtime-java_1.18-1_all.deb ...
Unpacking libhawtjni-runtime-java (1.18-1) ...
Selecting previously unselected package libjansi-native-java.
Preparing to unpack .../013-libjansi-native-java_1.8-2_all.deb ...
Unpacking libjansi-native-java (1.8-2) ...
Selecting previously unselected package libjansi1-java.
Preparing to unpack .../014-libjansi1-java_1.18-3ubuntu1_all.deb ...
Unpacking libjansi1-java (1.18-3ubuntu1) ...
Selecting previously unselected package libjline2-java.
Preparing to unpack .../015-libjline2-java_2.14.6-5_all.deb ...
Unpacking libjline2-java (2.14.6-5) ...
Selecting previously unselected package libosgi-compendium-java.
Preparing to unpack .../016-libosgi-compendium-java_7.0.0-1_all.deb ...
Unpacking libosgi-compendium-java (7.0.0-1) ...
Selecting previously unselected package libslf4j-java.
Preparing to unpack .../017-libslf4j-java_1.7.32-1_all.deb ...
Unpacking libslf4j-java (1.7.32-1) ...
Selecting previously unselected package libxz-java.
Preparing to unpack .../018-libxz-java_1.9-1_all.deb ...
Unpacking libxz-java (1.9-1) ...
Selecting previously unselected package libyaml-snake-java.
Preparing to unpack .../019-libyaml-snake-java_1.33-2_all.deb ...
Unpacking libyaml-snake-java (1.33-2) ...
Selecting previously unselected package bnd.
Preparing to unpack .../020-bnd_5.0.1-5_all.deb ...
Unpacking bnd (5.0.1-5) ...
Selecting previously unselected package ivy.
Preparing to unpack .../021-ivy_2.5.2-1_all.deb ...
Unpacking ivy (2.5.2-1) ...
Selecting previously unselected package libasm-java.
Preparing to unpack .../022-libasm-java_9.7-1_all.deb ...
Unpacking libasm-java (9.7-1) ...
Selecting previously unselected package libbsf-java.
Preparing to unpack .../023-libbsf-java_1%3a2.4.0-8_all.deb ...
Unpacking libbsf-java (1:2.4.0-8) ...
Selecting previously unselected package libcommons-cli-java.
Preparing to unpack .../024-libcommons-cli-java_1.6.0-1_all.deb ...
Unpacking libcommons-cli-java (1.6.0-1) ...
Selecting previously unselected package libapache-pom-java.
Preparing to unpack .../025-libapache-pom-java_29-2_all.deb ...
Unpacking libapache-pom-java (29-2) ...
Selecting previously unselected package libcommons-parent-java.
Preparing to unpack .../026-libcommons-parent-java_56-1_all.deb ...
Unpacking libcommons-parent-java (56-1) ...
Selecting previously unselected package libcommons-logging-java.
Preparing to unpack .../027-libcommons-logging-java_1.3.0-1ubuntu1_all.deb ...
Unpacking libcommons-logging-java (1.3.0-1ubuntu1) ...
Selecting previously unselected package libjansi-java.
Preparing to unpack .../028-libjansi-java_2.4.1-2_all.deb ...
Unpacking libjansi-java (2.4.1-2) ...
Selecting previously unselected package libjsp-api-java.
Preparing to unpack .../029-libjsp-api-java_2.3.4-3_all.deb ...
Unpacking libjsp-api-java (2.3.4-3) ...
Selecting previously unselected package libqdox-java.
Preparing to unpack .../030-libqdox-java_1.12.1-3_all.deb ...
Unpacking libqdox-java (1.12.1-3) ...
Selecting previously unselected package libservlet-api-java.
Preparing to unpack .../031-libservlet-api-java_4.0.1-2_all.deb ...
Unpacking libservlet-api-java (4.0.1-2) ...
Selecting previously unselected package libxpp3-java.
Preparing to unpack .../032-libxpp3-java_1.1.4c-3_all.deb ...
Unpacking libxpp3-java (1.1.4c-3) ...
Selecting previously unselected package libxstream-java.
Preparing to unpack .../033-libxstream-java_1.4.20-1_all.deb ...
Unpacking libxstream-java (1.4.20-1) ...
Selecting previously unselected package groovy.
Preparing to unpack .../034-groovy_2.4.21-10_all.deb ...
Unpacking groovy (2.4.21-10) ...
Selecting previously unselected package libatinject-jsr330-api-java.
Preparing to unpack .../035-libatinject-jsr330-api-java_1.0+ds1-5_all.deb ...
Unpacking libatinject-jsr330-api-java (1.0+ds1-5) ...
Selecting previously unselected package libcommons-collections3-java.
Preparing to unpack .../036-libcommons-collections3-java_3.2.2-3_all.deb ...
Unpacking libcommons-collections3-java (3.2.2-3) ...
Selecting previously unselected package libcommons-compress-java.
Preparing to unpack .../037-libcommons-compress-java_1.25.0-1_all.deb ...
Unpacking libcommons-compress-java (1.25.0-1) ...
Selecting previously unselected package libcommons-io-java.
Preparing to unpack .../038-libcommons-io-java_2.11.0-2_all.deb ...
Unpacking libcommons-io-java (2.11.0-2) ...
Selecting previously unselected package libcommons-lang-java.
Preparing to unpack .../039-libcommons-lang-java_2.6-10_all.deb ...
Unpacking libcommons-lang-java (2.6-10) ...
Selecting previously unselected package liberror-prone-java.
Preparing to unpack .../040-liberror-prone-java_2.18.0-1_all.deb ...
Unpacking liberror-prone-java (2.18.0-1) ...
Selecting previously unselected package libjsr305-java.
Preparing to unpack .../041-libjsr305-java_0.1~+svn49-11_all.deb ...
Unpacking libjsr305-java (0.1~+svn49-11) ...
Selecting previously unselected package libguava-java.
Preparing to unpack .../042-libguava-java_32.0.1-1_all.deb ...
Unpacking libguava-java (32.0.1-1) ...
Selecting previously unselected package libcommons-codec-java.
Preparing to unpack .../043-libcommons-codec-java_1.16.0-1_all.deb ...
Unpacking libcommons-codec-java (1.16.0-1) ...
Selecting previously unselected package libhttpcore-java.
Preparing to unpack .../044-libhttpcore-java_4.4.16-1_all.deb ...
Unpacking libhttpcore-java (4.4.16-1) ...
Selecting previously unselected package libhttpclient-java.
Preparing to unpack .../045-libhttpclient-java_4.5.14-1_all.deb ...
Unpacking libhttpclient-java (4.5.14-1) ...
Selecting previously unselected package libjarjar-java.
Preparing to unpack .../046-libjarjar-java_1.4+svn142-12_all.deb ...
Unpacking libjarjar-java (1.4+svn142-12) ...
Selecting previously unselected package libjcip-annotations-java.
Preparing to unpack .../047-libjcip-annotations-java_20060626-6_all.deb ...
Unpacking libjcip-annotations-java (20060626-6) ...
Selecting previously unselected package libjna-jni.
Preparing to unpack .../048-libjna-jni_5.14.0-1_amd64.deb ...
Unpacking libjna-jni (5.14.0-1) ...
Selecting previously unselected package libjna-java.
Preparing to unpack .../049-libjna-java_5.14.0-1_all.deb ...
Unpacking libjna-java (5.14.0-1) ...
Selecting previously unselected package libjzlib-java.
Preparing to unpack .../050-libjzlib-java_1.1.3-3_all.deb ...
Unpacking libjzlib-java (1.1.3-3) ...
Selecting previously unselected package libjsch-java.
Preparing to unpack .../051-libjsch-java_0.1.55-1_all.deb ...
Unpacking libjsch-java (0.1.55-1) ...
Selecting previously unselected package libminlog-java.
Preparing to unpack .../052-libminlog-java_1.3.0-1.1_all.deb ...
Unpacking libminlog-java (1.3.0-1.1) ...
Selecting previously unselected package libobjenesis-java.
Preparing to unpack .../053-libobjenesis-java_3.3-3_all.deb ...
Unpacking libobjenesis-java (3.3-3) ...
Selecting previously unselected package libreflectasm-java.
Preparing to unpack .../054-libreflectasm-java_1.11.9+dfsg-4_all.deb ...
Unpacking libreflectasm-java (1.11.9+dfsg-4) ...
Selecting previously unselected package libkryo-java.
Preparing to unpack .../055-libkryo-java_2.20-7_all.deb ...
Unpacking libkryo-java (2.20-7) ...
Selecting previously unselected package liblogback-java.
Preparing to unpack .../056-liblogback-java_1%3a1.2.11-5_all.deb ...
Unpacking liblogback-java (1:1.2.11-5) ...
Selecting previously unselected package libnative-platform-jni.
Preparing to unpack .../057-libnative-platform-jni_0.14-6_amd64.deb ...
Unpacking libnative-platform-jni (0.14-6) ...
Selecting previously unselected package libnative-platform-java.
Preparing to unpack .../058-libnative-platform-java_0.14-6_all.deb ...
Unpacking libnative-platform-java (0.14-6) ...
Selecting previously unselected package libxml-commons-external-java.
Preparing to unpack .../059-libxml-commons-external-java_1.4.01-6_all.deb ...
Unpacking libxml-commons-external-java (1.4.01-6) ...
Selecting previously unselected package libxml-commons-resolver1.1-java.
Preparing to unpack .../060-libxml-commons-resolver1.1-java_1.2-11_all.deb ...
Unpacking libxml-commons-resolver1.1-java (1.2-11) ...
Selecting previously unselected package libxerces2-java.
Preparing to unpack .../061-libxerces2-java_2.12.2-1_all.deb ...
Unpacking libxerces2-java (2.12.2-1) ...
Selecting previously unselected package libnekohtml-java.
Preparing to unpack .../062-libnekohtml-java_1.9.22.noko2-0.1_all.deb ...
Unpacking libnekohtml-java (1.9.22.noko2-0.1) ...
Selecting previously unselected package libxbean-reflect-java.
Preparing to unpack .../063-libxbean-reflect-java_4.5-8_all.deb ...
Unpacking libxbean-reflect-java (4.5-8) ...
Selecting previously unselected package libgradle-core-java.
Preparing to unpack .../064-libgradle-core-java_4.4.1-20_all.deb ...
Unpacking libgradle-core-java (4.4.1-20) ...
Selecting previously unselected package libbcprov-java.
Preparing to unpack .../065-libbcprov-java_1.77-1_all.deb ...
Unpacking libbcprov-java (1.77-1) ...
Selecting previously unselected package libbcpg-java.
Preparing to unpack .../066-libbcpg-java_1.77-1_all.deb ...
Unpacking libbcpg-java (1.77-1) ...
Selecting previously unselected package libbsh-java.
Preparing to unpack .../067-libbsh-java_2.0b4-20_all.deb ...
Unpacking libbsh-java (2.0b4-20) ...
Selecting previously unselected package libdd-plist-java.
Preparing to unpack .../068-libdd-plist-java_1.20-1.1_all.deb ...
Unpacking libdd-plist-java (1.20-1.1) ...
Selecting previously unselected package libjaxen-java.
Preparing to unpack .../069-libjaxen-java_1.1.6-4_all.deb ...
Unpacking libjaxen-java (1.1.6-4) ...
Selecting previously unselected package libdom4j-java.
Preparing to unpack .../070-libdom4j-java_2.1.4-1_all.deb ...
Unpacking libdom4j-java (2.1.4-1) ...
Selecting previously unselected package libbcel-java.
Preparing to unpack .../071-libbcel-java_6.5.0-2_all.deb ...
Unpacking libbcel-java (6.5.0-2) ...
Selecting previously unselected package libjformatstring-java.
Preparing to unpack .../072-libjformatstring-java_0.10~20131207-2.1_all.deb ...
Unpacking libjformatstring-java (0.10~20131207-2.1) ...
Selecting previously unselected package libfindbugs-java.
Preparing to unpack .../073-libfindbugs-java_3.1.0~preview2-3_all.deb ...
Unpacking libfindbugs-java (3.1.0~preview2-3) ...
Selecting previously unselected package libgoogle-gson-java.
Preparing to unpack .../074-libgoogle-gson-java_2.10.1-1_all.deb ...
Unpacking libgoogle-gson-java (2.10.1-1) ...
Selecting previously unselected package libaopalliance-java.
Preparing to unpack .../075-libaopalliance-java_20070526-7_all.deb ...
Unpacking libaopalliance-java (20070526-7) ...
Selecting previously unselected package libguice-java.
Preparing to unpack .../076-libguice-java_4.2.3-2_all.deb ...
Unpacking libguice-java (4.2.3-2) ...
Selecting previously unselected package libjatl-java.
Preparing to unpack .../077-libjatl-java_0.2.3-1.1_all.deb ...
Unpacking libjatl-java (0.2.3-1.1) ...
Selecting previously unselected package libjcifs-java.
Preparing to unpack .../078-libjcifs-java_1.3.19-2_all.deb ...
Unpacking libjcifs-java (1.3.19-2) ...
Selecting previously unselected package libeclipse-jdt-annotation-java.
Preparing to unpack .../079-libeclipse-jdt-annotation-java_2.2.700+eclipse4.26-2_all.deb ...
Unpacking libeclipse-jdt-annotation-java (2.2.700+eclipse4.26-2) ...
Selecting previously unselected package libjavaewah-java.
Preparing to unpack .../080-libjavaewah-java_1.2.3-1_all.deb ...
Unpacking libjavaewah-java (1.2.3-1) ...
Selecting previously unselected package libel-api-java.
Preparing to unpack .../081-libel-api-java_3.0.0-3_all.deb ...
Unpacking libel-api-java (3.0.0-3) ...
Selecting previously unselected package libwebsocket-api-java.
Preparing to unpack .../082-libwebsocket-api-java_1.1-2_all.deb ...
Unpacking libwebsocket-api-java (1.1-2) ...
Selecting previously unselected package libjetty9-java.
Preparing to unpack .../083-libjetty9-java_9.4.53-1_all.deb ...
Unpacking libjetty9-java (9.4.53-1) ...
Selecting previously unselected package libjgit-java.
Preparing to unpack .../084-libjgit-java_4.11.9-2_all.deb ...
Unpacking libjgit-java (4.11.9-2) ...
Selecting previously unselected package libcommons-lang3-java.
Preparing to unpack .../085-libcommons-lang3-java_3.14.0-1_all.deb ...
Unpacking libcommons-lang3-java (3.14.0-1) ...
Selecting previously unselected package libplexus-utils2-java.
Preparing to unpack .../086-libplexus-utils2-java_3.4.2-1_all.deb ...
Unpacking libplexus-utils2-java (3.4.2-1) ...
Selecting previously unselected package libwagon-provider-api-java.
Preparing to unpack .../087-libwagon-provider-api-java_3.5.3-1_all.deb ...
Unpacking libwagon-provider-api-java (3.5.3-1) ...
Selecting previously unselected package libmaven-resolver-java.
Preparing to unpack .../088-libmaven-resolver-java_1.6.3-1_all.deb ...
Unpacking libmaven-resolver-java (1.6.3-1) ...
Selecting previously unselected package libgeronimo-annotation-1.3-spec-java.
Preparing to unpack .../089-libgeronimo-annotation-1.3-spec-java_1.3-1_all.deb ...
Unpacking libgeronimo-annotation-1.3-spec-java (1.3-1) ...
Selecting previously unselected package libmaven-parent-java.
Preparing to unpack .../090-libmaven-parent-java_35-1_all.deb ...
Unpacking libmaven-parent-java (35-1) ...
Selecting previously unselected package libmaven-shared-utils-java.
Preparing to unpack .../091-libmaven-shared-utils-java_3.3.4-1_all.deb ...
Unpacking libmaven-shared-utils-java (3.3.4-1) ...
Selecting previously unselected package libplexus-cipher-java.
Preparing to unpack .../092-libplexus-cipher-java_2.0-1_all.deb ...
Unpacking libplexus-cipher-java (2.0-1) ...
Selecting previously unselected package libplexus-classworlds-java.
Preparing to unpack .../093-libplexus-classworlds-java_2.7.0-1_all.deb ...
Unpacking libplexus-classworlds-java (2.7.0-1) ...
Selecting previously unselected package libplexus-component-annotations-java.
Preparing to unpack .../094-libplexus-component-annotations-java_2.1.1-1_all.deb ...
Unpacking libplexus-component-annotations-java (2.1.1-1) ...
Selecting previously unselected package libplexus-interpolation-java.
Preparing to unpack .../095-libplexus-interpolation-java_1.26-1_all.deb ...
Unpacking libplexus-interpolation-java (1.26-1) ...
Selecting previously unselected package libplexus-sec-dispatcher-java.
Preparing to unpack .../096-libplexus-sec-dispatcher-java_2.0-3_all.deb ...
Unpacking libplexus-sec-dispatcher-java (2.0-3) ...
Selecting previously unselected package libgeronimo-interceptor-3.0-spec-java.
Preparing to unpack .../097-libgeronimo-interceptor-3.0-spec-java_1.0.1-4fakesync_all.deb ...
Unpacking libgeronimo-interceptor-3.0-spec-java (1.0.1-4fakesync) ...
Selecting previously unselected package libcdi-api-java.
Preparing to unpack .../098-libcdi-api-java_1.2-3_all.deb ...
Unpacking libcdi-api-java (1.2-3) ...
Selecting previously unselected package libsisu-inject-java.
Preparing to unpack .../099-libsisu-inject-java_0.3.4-2_all.deb ...
Unpacking libsisu-inject-java (0.3.4-2) ...
Selecting previously unselected package libsisu-plexus-java.
Preparing to unpack .../100-libsisu-plexus-java_0.3.4-3_all.deb ...
Unpacking libsisu-plexus-java (0.3.4-3) ...
Selecting previously unselected package libmaven3-core-java.
Preparing to unpack .../101-libmaven3-core-java_3.8.7-2_all.deb ...
Unpacking libmaven3-core-java (3.8.7-2) ...
Selecting previously unselected package libplexus-container-default-java.
Preparing to unpack .../102-libplexus-container-default-java_2.1.1-1_all.deb ...
Unpacking libplexus-container-default-java (2.1.1-1) ...
Selecting previously unselected package libpolyglot-maven-java.
Preparing to unpack .../103-libpolyglot-maven-java_0.8~tobrien+git20120905-10_all.deb ...
Unpacking libpolyglot-maven-java (0.8~tobrien+git20120905-10) ...
Selecting previously unselected package librhino-java.
Preparing to unpack .../104-librhino-java_1.7.14-2.1_all.deb ...
Unpacking librhino-java (1.7.14-2.1) ...
Selecting previously unselected package libsimple-http-java.
Preparing to unpack .../105-libsimple-http-java_4.1.21-1.1fakesync1_all.deb ...
Unpacking libsimple-http-java (4.1.21-1.1fakesync1) ...
Selecting previously unselected package libwagon-file-java.
Preparing to unpack .../106-libwagon-file-java_3.5.3-1_all.deb ...
Unpacking libwagon-file-java (3.5.3-1) ...
Selecting previously unselected package libjsoup-java.
Preparing to unpack .../107-libjsoup-java_1.15.3-1_all.deb ...
Unpacking libjsoup-java (1.15.3-1) ...
Selecting previously unselected package libwagon-http-java.
Preparing to unpack .../108-libwagon-http-java_3.5.3-1_all.deb ...
Unpacking libwagon-http-java (3.5.3-1) ...
Selecting previously unselected package libjcommander-java.
Preparing to unpack .../109-libjcommander-java_1.71-4_all.deb ...
Unpacking libjcommander-java (1.71-4) ...
Selecting previously unselected package testng.
Preparing to unpack .../110-testng_6.9.12-4_all.deb ...
Unpacking testng (6.9.12-4) ...
Selecting previously unselected package libgradle-plugins-java.
Preparing to unpack .../111-libgradle-plugins-java_4.4.1-20_all.deb ...
Unpacking libgradle-plugins-java (4.4.1-20) ...
Selecting previously unselected package gradle.
Preparing to unpack .../112-gradle_4.4.1-20_all.deb ...
Unpacking gradle (4.4.1-20) ...
Selecting previously unselected package libfelix-osgi-obr-java.
Preparing to unpack .../113-libfelix-osgi-obr-java_1.0.2-5fakesync1_all.deb ...
Unpacking libfelix-osgi-obr-java (1.0.2-5fakesync1) ...
Selecting previously unselected package libkxml2-java.
Preparing to unpack .../114-libkxml2-java_2.3.0+ds1-2.1_all.deb ...
Unpacking libkxml2-java (2.3.0+ds1-2.1) ...
Selecting previously unselected package libbindex-java.
Preparing to unpack .../115-libbindex-java_2.2+svn101-4_all.deb ...
Unpacking libbindex-java (2.2+svn101-4) ...
Selecting previously unselected package libjcsp-java.
Preparing to unpack .../116-libjcsp-java_1.1-rc4-3_all.deb ...
Unpacking libjcsp-java (1.1-rc4-3) ...
Selecting previously unselected package libjsr166y-java.
Preparing to unpack .../117-libjsr166y-java_1.7.0-3_all.deb ...
Unpacking libjsr166y-java (1.7.0-3) ...
Selecting previously unselected package libmultiverse-core-java.
Preparing to unpack .../118-libmultiverse-core-java_0.7.0-6_all.deb ...
Unpacking libmultiverse-core-java (0.7.0-6) ...
Selecting previously unselected package libgpars-groovy-java.
Preparing to unpack .../119-libgpars-groovy-java_1.2.1-11_all.deb ...
Unpacking libgpars-groovy-java (1.2.1-11) ...
Selecting previously unselected package libreflectasm-java-doc.
Preparing to unpack .../120-libreflectasm-java-doc_1.11.9+dfsg-4_all.deb ...
Unpacking libreflectasm-java-doc (1.11.9+dfsg-4) ...
Setting up libjcifs-java (1.3.19-2) ...
Setting up libbcprov-java (1.77-1) ...
Setting up libjcommander-java (1.71-4) ...
Setting up libslf4j-java (1.7.32-1) ...
Setting up libplexus-utils2-java (3.4.2-1) ...
Setting up libplexus-classworlds-java (2.7.0-1) ...
Setting up libqdox-java (1.12.1-3) ...
Setting up java-wrappers (0.4) ...
Setting up libjsr305-java (0.1~+svn49-11) ...
Setting up libsimple-http-java (4.1.21-1.1fakesync1) ...
Setting up libjcip-annotations-java (20060626-6) ...
Setting up libobjenesis-java (3.3-3) ...
Setting up libaopalliance-java (20070526-7) ...
Setting up libcommons-cli-java (1.6.0-1) ...
Setting up liblogback-java (1:1.2.11-5) ...
Setting up libminlog-java (1.3.0-1.1) ...
Setting up libgoogle-gson-java (2.10.1-1) ...
Setting up libasm-java (9.7-1) ...
Setting up libjsr166y-java (1.7.0-3) ...
Setting up libdd-plist-java (1.20-1.1) ...
Setting up libel-api-java (3.0.0-3) ...
Setting up libplexus-component-annotations-java (2.1.1-1) ...
Setting up libpolyglot-maven-java (0.8~tobrien+git20120905-10) ...
Setting up libfelix-gogo-runtime-java (0.16.2-1.1) ...
Setting up libjzlib-java (1.1.3-3) ...
Setting up libmultiverse-core-java (0.7.0-6) ...
Setting up libgeronimo-annotation-1.3-spec-java (1.3-1) ...
Setting up libgeronimo-interceptor-3.0-spec-java (1.0.1-4fakesync) ...
Setting up libcommons-collections3-java (3.2.2-3) ...
Setting up libjsch-java (0.1.55-1) ...
Setting up libreflectasm-java (1.11.9+dfsg-4) ...
Setting up librhino-java (1.7.14-2.1) ...
Setting up libbsf-java (1:2.4.0-8) ...
Setting up libosgi-annotation-java (8.1.0-1) ...
Setting up libjformatstring-java (0.10~20131207-2.1) ...
Setting up libjavaewah-java (1.2.3-1) ...
Setting up libjaxen-java (1.1.6-4) ...
Setting up libeclipse-jdt-annotation-java (2.2.700+eclipse4.26-2) ...
Setting up libjansi-java (2.4.1-2) ...
Setting up libapache-pom-java (29-2) ...
Setting up libxpp3-java (1.1.4c-3) ...
Setting up libatinject-jsr330-api-java (1.0+ds1-5) ...
Setting up libwebsocket-api-java (1.1-2) ...
Setting up libplexus-interpolation-java (1.26-1) ...
Setting up ivy (2.5.2-1) ...
Setting up libxml-commons-resolver1.1-java (1.2-11) ...
Setting up libkryo-java (2.20-7) ...
Setting up libxz-java (1.9-1) ...
Setting up libjna-jni (5.14.0-1) ...
Setting up libfelix-framework-java (4.6.1-2.1) ...
Setting up libjcsp-java (1.1-rc4-3) ...
Setting up ant (1.10.14-1) ...
Setting up libhamcrest-java (2.2-2) ...
Setting up libbsh-java (2.0b4-20) ...
Setting up libjsp-api-java (2.3.4-3) ...
Setting up libjarjar-java (1.4+svn142-12) ...
Setting up libjsoup-java (1.15.3-1) ...
Setting up libreflectasm-java-doc (1.11.9+dfsg-4) ...
Setting up libxml-commons-external-java (1.4.01-6) ...
Setting up libjna-java (5.14.0-1) ...
Setting up libxbean-reflect-java (4.5-8) ...
Setting up libservlet-api-java (4.0.1-2) ...
Setting up libkxml2-java (2.3.0+ds1-2.1) ...
Setting up libnative-platform-jni (0.14-6) ...
Setting up libhttpcore-java (4.4.16-1) ...
Setting up libbcpg-java (1.77-1) ...
Setting up libxerces2-java (2.12.2-1) ...
Setting up libantlr-java (2.7.7+dfsg-13build1) ...
Setting up libyaml-snake-java (1.33-2) ...
Setting up libcdi-api-java (1.2-3) ...
Setting up libhawtjni-runtime-java (1.18-1) ...
Setting up libjatl-java (0.2.3-1.1) ...
Setting up junit4 (4.13.2-4) ...
Setting up libdom4j-java (2.1.4-1) ...
Setting up libwagon-provider-api-java (3.5.3-1) ...
Setting up libnative-platform-java (0.14-6) ...
Setting up libosgi-core-java (8.0.0-2) ...
Setting up libxstream-java (1.4.20-1) ...
Setting up libnekohtml-java (1.9.22.noko2-0.1) ...
Setting up libjetty9-java (9.4.53-1) ...
Setting up libosgi-compendium-java (7.0.0-1) ...
Setting up libmaven-parent-java (35-1) ...
Setting up libcommons-parent-java (56-1) ...
Setting up libcommons-logging-java (1.3.0-1ubuntu1) ...
Setting up libsisu-inject-java (0.3.4-2) ...
Setting up libcommons-lang-java (2.6-10) ...
Setting up ant-optional (1.10.14-1) ...
Setting up libplexus-cipher-java (2.0-1) ...
Setting up antlr (2.7.7+dfsg-13build1) ...
Setting up libsisu-plexus-java (0.3.4-3) ...
Setting up libbcel-java (6.5.0-2) ...
Setting up testng (6.9.12-4) ...
Setting up libcommons-lang3-java (3.14.0-1) ...
Setting up libfelix-resolver-java (1.16.0-1) ...
Setting up libjansi-native-java (1.8-2) ...
Setting up libjansi1-java (1.18-3ubuntu1) ...
Setting up libplexus-sec-dispatcher-java (2.0-3) ...
Setting up libwagon-file-java (3.5.3-1) ...
Setting up libcommons-codec-java (1.16.0-1) ...
Setting up libjline2-java (2.14.6-5) ...
Setting up libfelix-osgi-obr-java (1.0.2-5fakesync1) ...
Setting up groovy (2.4.21-10) ...
update-alternatives: using /usr/share/groovy/bin/groovy to provide /usr/bin/groovy (groovy) in auto mode
update-alternatives: using /usr/share/groovy/bin/groovyc to provide /usr/bin/groovyc (groovyc) in auto mode
update-alternatives: using /usr/share/groovy/bin/grape to provide /usr/bin/grape (grape) in auto mode
update-alternatives: using /usr/share/groovy/bin/startGroovy to provide /usr/bin/startGroovy (startGroovy) in auto mode
update-alternatives: using /usr/share/groovy/bin/groovysh to provide /usr/bin/groovysh (groovysh) in auto mode
update-alternatives: using /usr/share/groovy/bin/java2groovy to provide /usr/bin/java2groovy (java2groovy) in auto mode
update-alternatives: using /usr/share/groovy/bin/groovyConsole to provide /usr/bin/groovyConsole (groovyConsole) in auto mode
update-alternatives: using /usr/share/groovy/bin/groovydoc to provide /usr/bin/groovydoc (groovydoc) in auto mode
Setting up libfindbugs-java (3.1.0~preview2-3) ...
Setting up libcommons-compress-java (1.25.0-1) ...
Setting up libcommons-io-java (2.11.0-2) ...
Setting up bnd (5.0.1-5) ...
Setting up libmaven-resolver-java (1.6.3-1) ...
Setting up libhttpclient-java (4.5.14-1) ...
Setting up libwagon-http-java (3.5.3-1) ...
Setting up libmaven-shared-utils-java (3.3.4-1) ...
Setting up libbindex-java (2.2+svn101-4) ...
Setting up libgpars-groovy-java (1.2.1-11) ...
Setting up libjgit-java (4.11.9-2) ...
Setting up liberror-prone-java (2.18.0-1) ...
Setting up libguava-java (32.0.1-1) ...
Setting up libgradle-core-java (4.4.1-20) ...
Setting up libplexus-container-default-java (2.1.1-1) ...
Setting up libguice-java (4.2.3-2) ...
Setting up libmaven3-core-java (3.8.7-2) ...
Setting up libgradle-plugins-java (4.4.1-20) ...
Setting up gradle (4.4.1-20) ...
Processing triggers for hicolor-icon-theme (0.17-2) ...
Processing triggers for gnome-menus (3.36.0-1.1ubuntu3) ...
Processing triggers for man-db (2.12.0-4build2) ...
Processing triggers for desktop-file-utils (0.27-2build1) ...
(base) vijay-hosapeti@vijay-hosapeti-HP-Laptop-15s-fq5xxx:~$ mkdir viju
(base) vijay-hosapeti@vijay-hosapeti-HP-Laptop-15s-fq5xxx:~$ ls
 anaconda3   Downloads                                jnotebook     miniconda3                          Pictures   scikit_learn_data      'System Volume Information'   vijay
 Desktop     google-chrome-stable_current_amd64.deb   jupyter_env   Miniconda3-latest-Linux-x86_64.sh   Public     snap                    Templates                    viju
 Documents   harry                                    main.py       Music                               rohan     'student 01 cloud.txt'   Videos
(base) vijay-hosapeti@vijay-hosapeti-HP-Laptop-15s-fq5xxx:~$ cd viju
(base) vijay-hosapeti@vijay-hosapeti-HP-Laptop-15s-fq5xxx:~/viju$ grdle init type java-application
Command 'grdle' not found, did you mean:
  command 'gradle' from snap gradle (7.2)
  command 'gradle' from deb gradle (4.4.1-20)
See 'snap info <snapname>' for additional versions.
(base) vijay-hosapeti@vijay-hosapeti-HP-Laptop-15s-fq5xxx:~/viju$ grdale init type java-application
Command 'grdale' not found, did you mean:
  command 'gradle' from snap gradle (7.2)
  command 'gradle' from deb gradle (4.4.1-20)
See 'snap info <snapname>' for additional versions.
(base) vijay-hosapeti@vijay-hosapeti-HP-Laptop-15s-fq5xxx:~/viju$ gradle --version

ERROR: JAVA_HOME is set to an invalid directory: /opt/jdk-23

Please set the JAVA_HOME variable in your environment to match the
location of your Java installation.

(base) vijay-hosapeti@vijay-hosapeti-HP-Laptop-15s-fq5xxx:~/viju$ cd ~
(base) vijay-hosapeti@vijay-hosapeti-HP-Laptop-15s-fq5xxx:~$ gradle -version

ERROR: JAVA_HOME is set to an invalid directory: /opt/jdk-23

Please set the JAVA_HOME variable in your environment to match the
location of your Java installation.

(base) vijay-hosapeti@vijay-hosapeti-HP-Laptop-15s-fq5xxx:~$ gradle init

ERROR: JAVA_HOME is set to an invalid directory: /opt/jdk-23

Please set the JAVA_HOME variable in your environment to match the
location of your Java installation.

(base) vijay-hosapeti@vijay-hosapeti-HP-Laptop-15s-fq5xxx:~$ java -version
openjdk version "21.0.6" 2025-01-21
OpenJDK Runtime Environment (build 21.0.6+7-Ubuntu-124.04.1)
OpenJDK 64-Bit Server VM (build 21.0.6+7-Ubuntu-124.04.1, mixed mode, sharing)
(base) vijay-hosapeti@vijay-hosapeti-HP-Laptop-15s-fq5xxx:~$ sudo update-alternatives --config java
There is 1 choice for the alternative java (providing /usr/bin/java).

  Selection    Path                                         Priority   Status
------------------------------------------------------------
* 0            /usr/lib/jvm/java-21-openjdk-amd64/bin/java   2111      auto mode
  1            /usr/lib/jvm/java-21-openjdk-amd64/bin/java   2111      manual mode

Press <enter> to keep the current choice[*], or type selection number: 
(base) vijay-hosapeti@vijay-hosapeti-HP-Laptop-15s-fq5xxx:~$ export JAVA_HOME=/usr/lib/jvm/java-17-openjdk-amd64
(base) vijay-hosapeti@vijay-hosapeti-HP-Laptop-15s-fq5xxx:~$ echo 'export JAVA_HOME=/usr/lib/jvm/java-17-openjdk-amd64' >> ~/.bashrc
source ~/.bashrc
(base) vijay-hosapeti@vijay-hosapeti-HP-Laptop-15s-fq5xxx:~$ echo 'export JAVA_HOME=/usr/lib/jvm/java-17-openjdk-amd64' >> ~/.zshrc
source ~/.zshrc
(base) vijay-hosapeti@vijay-hosapeti-HP-Laptop-15s-fq5xxx:~$ echo $JAVA_HOME
/usr/lib/jvm/java-17-openjdk-amd64
(base) vijay-hosapeti@vijay-hosapeti-HP-Laptop-15s-fq5xxx:~$ gradle init

ERROR: JAVA_HOME is set to an invalid directory: /usr/lib/jvm/java-17-openjdk-amd64

Please set the JAVA_HOME variable in your environment to match the
location of your Java installation.

(base) vijay-hosapeti@vijay-hosapeti-HP-Laptop-15s-fq5xxx:~$ sudo apt update
sudo apt install openjdk-17-jdk
Hit:1 http://security.ubuntu.com/ubuntu noble-security InRelease
Hit:2 http://archive.ubuntu.com/ubuntu noble InRelease                                                             
Hit:3 https://dl.google.com/linux/chrome/deb stable InRelease                                                      
Hit:4 http://archive.ubuntu.com/ubuntu noble-updates InRelease                               
Hit:5 https://brave-browser-apt-release.s3.brave.com stable InRelease
Hit:6 http://archive.ubuntu.com/ubuntu noble-backports InRelease
Reading package lists... Done
Building dependency tree... Done
Reading state information... Done
23 packages can be upgraded. Run 'apt list --upgradable' to see them.
N: Skipping acquire of configured file 'main/binary-i386/Packages' as repository 'https://brave-browser-apt-release.s3.brave.com stable InRelease' doesn't support architecture 'i386'
Reading package lists... Done
Building dependency tree... Done
Reading state information... Done
The following additional packages will be installed:
  libice-dev libpthread-stubs0-dev libsm-dev libx11-dev libxau-dev libxcb1-dev libxdmcp-dev libxt-dev openjdk-17-jdk-headless openjdk-17-jre openjdk-17-jre-headless x11proto-dev
  xorg-sgml-doctools xtrans-dev
Suggested packages:
  libice-doc libsm-doc libx11-doc libxcb-doc libxt-doc openjdk-17-demo openjdk-17-source visualvm fonts-ipafont-gothic fonts-ipafont-mincho fonts-wqy-microhei | fonts-wqy-zenhei
  fonts-indic
The following NEW packages will be installed:
  libice-dev libpthread-stubs0-dev libsm-dev libx11-dev libxau-dev libxcb1-dev libxdmcp-dev libxt-dev openjdk-17-jdk openjdk-17-jdk-headless openjdk-17-jre openjdk-17-jre-headless
  x11proto-dev xorg-sgml-doctools xtrans-dev
0 upgraded, 15 newly installed, 0 to remove and 23 not upgraded.
Need to get 123 MB of archives.
After this operation, 281 MB of additional disk space will be used.
Do you want to continue? [Y/n] y
Get:1 http://archive.ubuntu.com/ubuntu noble/main amd64 xorg-sgml-doctools all 1:1.11-1.1 [10.9 kB]
Get:2 http://archive.ubuntu.com/ubuntu noble/main amd64 x11proto-dev all 2023.2-1 [602 kB]
Get:3 http://archive.ubuntu.com/ubuntu noble/main amd64 libice-dev amd64 2:1.0.10-1build3 [51.0 kB]
Get:4 http://archive.ubuntu.com/ubuntu noble/main amd64 libpthread-stubs0-dev amd64 0.4-1build3 [4,746 B]
Get:5 http://archive.ubuntu.com/ubuntu noble/main amd64 libsm-dev amd64 2:1.2.3-1build3 [17.8 kB]
Get:6 http://archive.ubuntu.com/ubuntu noble/main amd64 libxau-dev amd64 1:1.0.9-1build6 [9,570 B]
Get:7 http://archive.ubuntu.com/ubuntu noble/main amd64 libxdmcp-dev amd64 1:1.1.3-0ubuntu6 [26.5 kB]
Get:8 http://archive.ubuntu.com/ubuntu noble/main amd64 xtrans-dev all 1.4.0-1 [68.9 kB]
Get:9 http://archive.ubuntu.com/ubuntu noble/main amd64 libxcb1-dev amd64 1.15-1ubuntu2 [85.8 kB]
Get:10 http://archive.ubuntu.com/ubuntu noble/main amd64 libx11-dev amd64 2:1.8.7-1build1 [732 kB]
Get:11 http://archive.ubuntu.com/ubuntu noble/main amd64 libxt-dev amd64 1:1.2.1-1.2build1 [394 kB]
Get:12 http://archive.ubuntu.com/ubuntu noble-updates/main amd64 openjdk-17-jre-headless amd64 17.0.14+7-1~24.04 [47.9 MB]
Get:13 http://archive.ubuntu.com/ubuntu noble-updates/main amd64 openjdk-17-jre amd64 17.0.14+7-1~24.04 [228 kB]                                                                             
Get:14 http://archive.ubuntu.com/ubuntu noble-updates/main amd64 openjdk-17-jdk-headless amd64 17.0.14+7-1~24.04 [71.4 MB]                                                                   
Get:15 http://archive.ubuntu.com/ubuntu noble-updates/main amd64 openjdk-17-jdk amd64 17.0.14+7-1~24.04 [1,523 kB]                                                                           
Fetched 123 MB in 53s (2,313 kB/s)                                                                                                                                                           
Selecting previously unselected package xorg-sgml-doctools.
(Reading database ... 220729 files and directories currently installed.)
Preparing to unpack .../00-xorg-sgml-doctools_1%3a1.11-1.1_all.deb ...
Unpacking xorg-sgml-doctools (1:1.11-1.1) ...
Selecting previously unselected package x11proto-dev.
Preparing to unpack .../01-x11proto-dev_2023.2-1_all.deb ...
Unpacking x11proto-dev (2023.2-1) ...
Selecting previously unselected package libice-dev:amd64.
Preparing to unpack .../02-libice-dev_2%3a1.0.10-1build3_amd64.deb ...
Unpacking libice-dev:amd64 (2:1.0.10-1build3) ...
Selecting previously unselected package libpthread-stubs0-dev:amd64.
Preparing to unpack .../03-libpthread-stubs0-dev_0.4-1build3_amd64.deb ...
Unpacking libpthread-stubs0-dev:amd64 (0.4-1build3) ...
Selecting previously unselected package libsm-dev:amd64.
Preparing to unpack .../04-libsm-dev_2%3a1.2.3-1build3_amd64.deb ...
Unpacking libsm-dev:amd64 (2:1.2.3-1build3) ...
Selecting previously unselected package libxau-dev:amd64.
Preparing to unpack .../05-libxau-dev_1%3a1.0.9-1build6_amd64.deb ...
Unpacking libxau-dev:amd64 (1:1.0.9-1build6) ...
Selecting previously unselected package libxdmcp-dev:amd64.
Preparing to unpack .../06-libxdmcp-dev_1%3a1.1.3-0ubuntu6_amd64.deb ...
Unpacking libxdmcp-dev:amd64 (1:1.1.3-0ubuntu6) ...
Selecting previously unselected package xtrans-dev.
Preparing to unpack .../07-xtrans-dev_1.4.0-1_all.deb ...
Unpacking xtrans-dev (1.4.0-1) ...
Selecting previously unselected package libxcb1-dev:amd64.
Preparing to unpack .../08-libxcb1-dev_1.15-1ubuntu2_amd64.deb ...
Unpacking libxcb1-dev:amd64 (1.15-1ubuntu2) ...
Selecting previously unselected package libx11-dev:amd64.
Preparing to unpack .../09-libx11-dev_2%3a1.8.7-1build1_amd64.deb ...
Unpacking libx11-dev:amd64 (2:1.8.7-1build1) ...
Selecting previously unselected package libxt-dev:amd64.
Preparing to unpack .../10-libxt-dev_1%3a1.2.1-1.2build1_amd64.deb ...
Unpacking libxt-dev:amd64 (1:1.2.1-1.2build1) ...
Selecting previously unselected package openjdk-17-jre-headless:amd64.
Preparing to unpack .../11-openjdk-17-jre-headless_17.0.14+7-1~24.04_amd64.deb ...
Unpacking openjdk-17-jre-headless:amd64 (17.0.14+7-1~24.04) ...
Selecting previously unselected package openjdk-17-jre:amd64.
Preparing to unpack .../12-openjdk-17-jre_17.0.14+7-1~24.04_amd64.deb ...
Unpacking openjdk-17-jre:amd64 (17.0.14+7-1~24.04) ...
Selecting previously unselected package openjdk-17-jdk-headless:amd64.
Preparing to unpack .../13-openjdk-17-jdk-headless_17.0.14+7-1~24.04_amd64.deb ...
Unpacking openjdk-17-jdk-headless:amd64 (17.0.14+7-1~24.04) ...
Selecting previously unselected package openjdk-17-jdk:amd64.
Preparing to unpack .../14-openjdk-17-jdk_17.0.14+7-1~24.04_amd64.deb ...
Unpacking openjdk-17-jdk:amd64 (17.0.14+7-1~24.04) ...
Setting up libpthread-stubs0-dev:amd64 (0.4-1build3) ...
Setting up xtrans-dev (1.4.0-1) ...
Setting up openjdk-17-jre-headless:amd64 (17.0.14+7-1~24.04) ...
Setting up xorg-sgml-doctools (1:1.11-1.1) ...
Processing triggers for man-db (2.12.0-4build2) ...
Processing triggers for sgml-base (1.31) ...
Setting up x11proto-dev (2023.2-1) ...
Processing triggers for desktop-file-utils (0.27-2build1) ...
Setting up libxau-dev:amd64 (1:1.0.9-1build6) ...
Processing triggers for hicolor-icon-theme (0.17-2) ...
Setting up libice-dev:amd64 (2:1.0.10-1build3) ...
Processing triggers for gnome-menus (3.36.0-1.1ubuntu3) ...
Setting up libsm-dev:amd64 (2:1.2.3-1build3) ...
Setting up libxdmcp-dev:amd64 (1:1.1.3-0ubuntu6) ...
Setting up libxcb1-dev:amd64 (1.15-1ubuntu2) ...
Setting up libx11-dev:amd64 (2:1.8.7-1build1) ...
Setting up libxt-dev:amd64 (1:1.2.1-1.2build1) ...
Processing triggers for ca-certificates-java (20240118) ...
done.
Setting up openjdk-17-jre:amd64 (17.0.14+7-1~24.04) ...
Setting up openjdk-17-jdk-headless:amd64 (17.0.14+7-1~24.04) ...
update-alternatives: using /usr/lib/jvm/java-17-openjdk-amd64/bin/jar to provide /usr/bin/jar (jar) in auto mode
update-alternatives: using /usr/lib/jvm/java-17-openjdk-amd64/bin/jarsigner to provide /usr/bin/jarsigner (jarsigner) in auto mode
update-alternatives: using /usr/lib/jvm/java-17-openjdk-amd64/bin/javac to provide /usr/bin/javac (javac) in auto mode
update-alternatives: using /usr/lib/jvm/java-17-openjdk-amd64/bin/javadoc to provide /usr/bin/javadoc (javadoc) in auto mode
update-alternatives: using /usr/lib/jvm/java-17-openjdk-amd64/bin/javap to provide /usr/bin/javap (javap) in auto mode
update-alternatives: using /usr/lib/jvm/java-17-openjdk-amd64/bin/jcmd to provide /usr/bin/jcmd (jcmd) in auto mode
update-alternatives: using /usr/lib/jvm/java-17-openjdk-amd64/bin/jdb to provide /usr/bin/jdb (jdb) in auto mode
update-alternatives: using /usr/lib/jvm/java-17-openjdk-amd64/bin/jdeprscan to provide /usr/bin/jdeprscan (jdeprscan) in auto mode
update-alternatives: using /usr/lib/jvm/java-17-openjdk-amd64/bin/jdeps to provide /usr/bin/jdeps (jdeps) in auto mode
update-alternatives: using /usr/lib/jvm/java-17-openjdk-amd64/bin/jfr to provide /usr/bin/jfr (jfr) in auto mode
update-alternatives: using /usr/lib/jvm/java-17-openjdk-amd64/bin/jimage to provide /usr/bin/jimage (jimage) in auto mode
update-alternatives: using /usr/lib/jvm/java-17-openjdk-amd64/bin/jinfo to provide /usr/bin/jinfo (jinfo) in auto mode
update-alternatives: using /usr/lib/jvm/java-17-openjdk-amd64/bin/jlink to provide /usr/bin/jlink (jlink) in auto mode
update-alternatives: using /usr/lib/jvm/java-17-openjdk-amd64/bin/jmap to provide /usr/bin/jmap (jmap) in auto mode
update-alternatives: using /usr/lib/jvm/java-17-openjdk-amd64/bin/jmod to provide /usr/bin/jmod (jmod) in auto mode
update-alternatives: using /usr/lib/jvm/java-17-openjdk-amd64/bin/jps to provide /usr/bin/jps (jps) in auto mode
update-alternatives: using /usr/lib/jvm/java-17-openjdk-amd64/bin/jrunscript to provide /usr/bin/jrunscript (jrunscript) in auto mode
update-alternatives: using /usr/lib/jvm/java-17-openjdk-amd64/bin/jshell to provide /usr/bin/jshell (jshell) in auto mode
update-alternatives: using /usr/lib/jvm/java-17-openjdk-amd64/bin/jstack to provide /usr/bin/jstack (jstack) in auto mode
update-alternatives: using /usr/lib/jvm/java-17-openjdk-amd64/bin/jstat to provide /usr/bin/jstat (jstat) in auto mode
update-alternatives: using /usr/lib/jvm/java-17-openjdk-amd64/bin/jstatd to provide /usr/bin/jstatd (jstatd) in auto mode
update-alternatives: using /usr/lib/jvm/java-17-openjdk-amd64/bin/serialver to provide /usr/bin/serialver (serialver) in auto mode
update-alternatives: using /usr/lib/jvm/java-17-openjdk-amd64/bin/jhsdb to provide /usr/bin/jhsdb (jhsdb) in auto mode
Setting up openjdk-17-jdk:amd64 (17.0.14+7-1~24.04) ...
update-alternatives: using /usr/lib/jvm/java-17-openjdk-amd64/bin/jconsole to provide /usr/bin/jconsole (jconsole) in auto mode
(base) vijay-hosapeti@vijay-hosapeti-HP-Laptop-15s-fq5xxx:~$ gradle -version
openjdk version "17.0.14" 2025-01-21
OpenJDK Runtime Environment (build 17.0.14+7-Ubuntu-124.04)
OpenJDK 64-Bit Server VM (build 17.0.14+7-Ubuntu-124.04, mixed mode, sharing)

------------------------------------------------------------
Gradle 4.4.1
------------------------------------------------------------

Build time:   2012-12-21 00:00:00 UTC
Revision:     none

Groovy:       2.4.21
Ant:          Apache Ant(TM) version 1.10.14 compiled on September 25 2023
JVM:          17.0.14 (Ubuntu 17.0.14+7-Ubuntu-124.04)
OS:           Linux 6.11.0-19-generic amd64

(base) vijay-hosapeti@vijay-hosapeti-HP-Laptop-15s-fq5xxx:~$ gradle init
openjdk version "17.0.14" 2025-01-21
OpenJDK Runtime Environment (build 17.0.14+7-Ubuntu-124.04)
OpenJDK 64-Bit Server VM (build 17.0.14+7-Ubuntu-124.04, mixed mode, sharing)
Starting a Gradle Daemon (subsequent builds will be faster)

BUILD SUCCESSFUL in 1s
2 actionable tasks: 2 executed
(base) vijay-hosapeti@vijay-hosapeti-HP-Laptop-15s-fq5xxx:~$ ls
 anaconda3      Downloads                                gradlew.bat   main.py                             Pictures            settings.gradle              Templates
 build.gradle   google-chrome-stable_current_amd64.deb   harry         miniconda3                          Public              snap                         Videos
 Desktop        gradle                                   jnotebook     Miniconda3-latest-Linux-x86_64.sh   rohan              'student 01 cloud.txt'        vijay
 Documents      gradlew                                  jupyter_env   Music                               scikit_learn_data  'System Volume Information'   viju
(base) vijay-hosapeti@vijay-hosapeti-HP-Laptop-15s-fq5xxx:~$ cd viju
(base) vijay-hosapeti@vijay-hosapeti-HP-Laptop-15s-fq5xxx:~/viju$ gradle init type java-application
openjdk version "17.0.14" 2025-01-21
OpenJDK Runtime Environment (build 17.0.14+7-Ubuntu-124.04)
OpenJDK 64-Bit Server VM (build 17.0.14+7-Ubuntu-124.04, mixed mode, sharing)
Support for nested build without a settings file was deprecated and will be removed in Gradle 5.0. You should create a empty settings file in /home/vijay-hosapeti/viju

FAILURE: Build failed with an exception.

* What went wrong:
Task 'type' not found in root project 'viju'.

* Try:
Run gradle tasks to get a list of available tasks. Run with --stacktrace option to get the stack trace. Run with --info or --debug option to get more log output. Run with --scan to get full insights.

* Get more help at https://help.gradle.org

BUILD FAILED in 0s
(base) vijay-hosapeti@vijay-hosapeti-HP-Laptop-15s-fq5xxx:~/viju$ gradle init type java-application
openjdk version "17.0.14" 2025-01-21
OpenJDK Runtime Environment (build 17.0.14+7-Ubuntu-124.04)
OpenJDK 64-Bit Server VM (build 17.0.14+7-Ubuntu-124.04, mixed mode, sharing)
Support for nested build without a settings file was deprecated and will be removed in Gradle 5.0. You should create a empty settings file in /home/vijay-hosapeti/viju

FAILURE: Build failed with an exception.

* What went wrong:
Task 'type' not found in root project 'viju'.

* Try:
Run gradle tasks to get a list of available tasks. Run with --stacktrace option to get the stack trace. Run with --info or --debug option to get more log output. Run with --scan to get full insights.

* Get more help at https://help.gradle.org

BUILD FAILED in 0s
(base) vijay-hosapeti@vijay-hosapeti-HP-Laptop-15s-fq5xxx:~/viju$ cd /home/vijay-hosapeti/viju
(base) vijay-hosapeti@vijay-hosapeti-HP-Laptop-15s-fq5xxx:~/viju$ touch settings.gradle
(base) vijay-hosapeti@vijay-hosapeti-HP-Laptop-15s-fq5xxx:~/viju$ touch settings.gradle.kts
(base) vijay-hosapeti@vijay-hosapeti-HP-Laptop-15s-fq5xxx:~/viju$ ls
settings.gradle  settings.gradle.kts
(base) vijay-hosapeti@vijay-hosapeti-HP-Laptop-15s-fq5xxx:~/viju$ touch build.gradle
(base) vijay-hosapeti@vijay-hosapeti-HP-Laptop-15s-fq5xxx:~/viju$ gradle tasks
openjdk version "17.0.14" 2025-01-21
OpenJDK Runtime Environment (build 17.0.14+7-Ubuntu-124.04)
OpenJDK 64-Bit Server VM (build 17.0.14+7-Ubuntu-124.04, mixed mode, sharing)

> Task :tasks 

------------------------------------------------------------
All tasks runnable from root project
------------------------------------------------------------

Build Setup tasks
-----------------
init - Initializes a new Gradle build.
wrapper - Generates Gradle wrapper files.

Help tasks
----------
buildEnvironment - Displays all buildscript dependencies declared in root project 'viju'.
components - Displays the components produced by root project 'viju'. [incubating]
dependencies - Displays all dependencies declared in root project 'viju'.
dependencyInsight - Displays the insight into a specific dependency in root project 'viju'.
dependentComponents - Displays the dependent components of components in root project 'viju'. [incubating]
help - Displays a help message.
model - Displays the configuration model of root project 'viju'. [incubating]
projects - Displays the sub-projects of root project 'viju'.
properties - Displays the properties of root project 'viju'.
tasks - Displays the tasks runnable from root project 'viju'.

To see all tasks and more detail, run gradle tasks --all

To see more detail about a task, run gradle help --task <task>


BUILD SUCCESSFUL in 0s
1 actionable task: 1 executed
(base) vijay-hosapeti@vijay-hosapeti-HP-Laptop-15s-fq5xxx:~/viju$ gradle projects
openjdk version "17.0.14" 2025-01-21
OpenJDK Runtime Environment (build 17.0.14+7-Ubuntu-124.04)
OpenJDK 64-Bit Server VM (build 17.0.14+7-Ubuntu-124.04, mixed mode, sharing)

> Task :projects 

------------------------------------------------------------
Root project
------------------------------------------------------------

Root project 'viju'
No sub-projects

To see a list of the tasks of a project, run gradle <project-path>:tasks
For example, try running gradle :tasks


BUILD SUCCESSFUL in 0s
1 actionable task: 1 executed
(base) vijay-hosapeti@vijay-hosapeti-HP-Laptop-15s-fq5xxx:~/viju$ gradle build
openjdk version "17.0.14" 2025-01-21
OpenJDK Runtime Environment (build 17.0.14+7-Ubuntu-124.04)
OpenJDK 64-Bit Server VM (build 17.0.14+7-Ubuntu-124.04, mixed mode, sharing)

> Task :buildEnvironment 

------------------------------------------------------------
Root project
------------------------------------------------------------

classpath
No dependencies


BUILD SUCCESSFUL in 0s
1 actionable task: 1 executed
(base) vijay-hosapeti@vijay-hosapeti-HP-Laptop-15s-fq5xxx:~/viju$ gradle -v
openjdk version "17.0.14" 2025-01-21
OpenJDK Runtime Environment (build 17.0.14+7-Ubuntu-124.04)
OpenJDK 64-Bit Server VM (build 17.0.14+7-Ubuntu-124.04, mixed mode, sharing)

------------------------------------------------------------
Gradle 4.4.1
------------------------------------------------------------

Build time:   2012-12-21 00:00:00 UTC
Revision:     none

Groovy:       2.4.21
Ant:          Apache Ant(TM) version 1.10.14 compiled on September 25 2023
JVM:          17.0.14 (Ubuntu 17.0.14+7-Ubuntu-124.04)
OS:           Linux 6.11.0-19-generic amd64

(base) vijay-hosapeti@vijay-hosapeti-HP-Laptop-15s-fq5xxx:~/viju$ gradle wrapper --gradle-version 8.5
openjdk version "17.0.14" 2025-01-21
OpenJDK Runtime Environment (build 17.0.14+7-Ubuntu-124.04)
OpenJDK 64-Bit Server VM (build 17.0.14+7-Ubuntu-124.04, mixed mode, sharing)

BUILD SUCCESSFUL in 0s
1 actionable task: 1 executed
(base) vijay-hosapeti@vijay-hosapeti-HP-Laptop-15s-fq5xxx:~/viju$ gradle init type java-application
openjdk version "17.0.14" 2025-01-21
OpenJDK Runtime Environment (build 17.0.14+7-Ubuntu-124.04)
OpenJDK 64-Bit Server VM (build 17.0.14+7-Ubuntu-124.04, mixed mode, sharing)

FAILURE: Build failed with an exception.

* What went wrong:
Task 'type' not found in root project 'viju'.

* Try:
Run gradle tasks to get a list of available tasks. Run with --stacktrace option to get the stack trace. Run with --info or --debug option to get more log output. Run with --scan to get full insights.

* Get more help at https://help.gradle.org

BUILD FAILED in 0s
(base) vijay-hosapeti@vijay-hosapeti-HP-Laptop-15s-fq5xxx:~/viju$ ls
build.gradle  gradle  gradlew  gradlew.bat  settings.gradle  settings.gradle.kts
(base) vijay-hosapeti@vijay-hosapeti-HP-Laptop-15s-fq5xxx:~/viju$ jdk -version
Command 'jdk' not found, did you mean:
  command 'juk' from snap juk (24.12.3)
  command 'jd' from deb jdim (0.10.1-1)
  command 'jdb' from deb openjdk-17-jdk-headless (17.0.14+7-1~24.04)
  command 'jdb' from deb openjdk-21-jdk-headless (21.0.6+7-1~24.04.1)
  command 'jdb' from deb openjdk-11-jdk-headless (11.0.26+4-1ubuntu1~24.04)
  command 'jdb' from deb openjdk-8-jdk-headless (8u442-b06~us1-0ubuntu1~24.04)
  command 'jdb' from deb openjdk-19-jdk-headless (19.0.2+7-4)
  command 'jdb' from deb openjdk-20-jdk-headless (20.0.2+9-1)
  command 'jdb' from deb openjdk-22-jdk-headless (22~22ea-1)
  command 'juk' from deb juk (4:23.08.4-0ubuntu1)
See 'snap info <snapname>' for additional versions.
(base) vijay-hosapeti@vijay-hosapeti-HP-Laptop-15s-fq5xxx:~/viju$ java -version
openjdk version "21.0.6" 2025-01-21
OpenJDK Runtime Environment (build 21.0.6+7-Ubuntu-124.04.1)
OpenJDK 64-Bit Server VM (build 21.0.6+7-Ubuntu-124.04.1, mixed mode, sharing)
(base) vijay-hosapeti@vijay-hosapeti-HP-Laptop-15s-fq5xxx:~/viju$ gradle init type java-application
openjdk version "17.0.14" 2025-01-21
OpenJDK Runtime Environment (build 17.0.14+7-Ubuntu-124.04)
OpenJDK 64-Bit Server VM (build 17.0.14+7-Ubuntu-124.04, mixed mode, sharing)

FAILURE: Build failed with an exception.

* What went wrong:
Task 'type' not found in root project 'viju'.

* Try:
Run gradle tasks to get a list of available tasks. Run with --stacktrace option to get the stack trace. Run with --info or --debug option to get more log output. Run with --scan to get full insights.

* Get more help at https://help.gradle.org

BUILD FAILED in 0s
(base) vijay-hosapeti@vijay-hosapeti-HP-Laptop-15s-fq5xxx:~/viju$ gradle init --type java-application
openjdk version "17.0.14" 2025-01-21
OpenJDK Runtime Environment (build 17.0.14+7-Ubuntu-124.04)
OpenJDK 64-Bit Server VM (build 17.0.14+7-Ubuntu-124.04, mixed mode, sharing)

> Task :init SKIPPED
The build file 'build.gradle' already exists. Skipping build initialization.


BUILD SUCCESSFUL in 0s
(base) vijay-hosapeti@vijay-hosapeti-HP-Laptop-15s-fq5xxx:~/viju$ ls
build.gradle  gradle  gradlew  gradlew.bat  settings.gradle  settings.gradle.kts
(base) vijay-hosapeti@vijay-hosapeti-HP-Laptop-15s-fq5xxx:~/viju$ vi build.gradle
(base) vijay-hosapeti@vijay-hosapeti-HP-Laptop-15s-fq5xxx:~/viju$ gradle hello
openjdk version "17.0.14" 2025-01-21
OpenJDK Runtime Environment (build 17.0.14+7-Ubuntu-124.04)
OpenJDK 64-Bit Server VM (build 17.0.14+7-Ubuntu-124.04, mixed mode, sharing)

> Task :hello 
hello


BUILD SUCCESSFUL in 0s
1 actionable task: 1 executed
(base) vijay-hosapeti@vijay-hosapeti-HP-Laptop-15s-fq5xxx:~/viju$ cd ~
(base) vijay-hosapeti@vijay-hosapeti-HP-Laptop-15s-fq5xxx:~$ ls
 anaconda3      Downloads                                gradlew.bat   main.py                             Pictures            settings.gradle              Templates
 build.gradle   google-chrome-stable_current_amd64.deb   harry         miniconda3                          Public              snap                         Videos
 Desktop        gradle                                   jnotebook     Miniconda3-latest-Linux-x86_64.sh   rohan              'student 01 cloud.txt'        vijay
 Documents      gradlew                                  jupyter_env   Music                               scikit_learn_data  'System Volume Information'   viju
(base) vijay-hosapeti@vijay-hosapeti-HP-Laptop-15s-fq5xxx:~$ cd vijay
bash: cd: vijay: Not a directory
(base) vijay-hosapeti@vijay-hosapeti-HP-Laptop-15s-fq5xxx:~$ cd rohan
(base) vijay-hosapeti@vijay-hosapeti-HP-Laptop-15s-fq5xxx:~/rohan$ vim rohsn
(base) vijay-hosapeti@vijay-hosapeti-HP-Laptop-15s-fq5xxx:~/rohan$ gcc rohan
/usr/bin/ld: cannot find rohan: No such file or directory
collect2: error: ld returned 1 exit status
(base) vijay-hosapeti@vijay-hosapeti-HP-Laptop-15s-fq5xxx:~/rohan$ hello.txt
hello.txt: command not found
(base) vijay-hosapeti@vijay-hosapeti-HP-Laptop-15s-fq5xxx:~/rohan$ vim hello.txt
(base) vijay-hosapeti@vijay-hosapeti-HP-Laptop-15s-fq5xxx:~/rohan$ hello.txt
hello.txt: command not found
(base) vijay-hosapeti@vijay-hosapeti-HP-Laptop-15s-fq5xxx:~/rohan$ cat hello.txt

vijay
(base) vijay-hosapeti@vijay-hosapeti-HP-Laptop-15s-fq5xxx:~/rohan$ nano hello.txt
(base) vijay-hosapeti@vijay-hosapeti-HP-Laptop-15s-fq5xxx:~/rohan$ java -version
openjdk version "21.0.6" 2025-01-21
OpenJDK Runtime Environment (build 21.0.6+7-Ubuntu-124.04.1)
OpenJDK 64-Bit Server VM (build 21.0.6+7-Ubuntu-124.04.1, mixed mode, sharing)
(base) vijay-hosapeti@vijay-hosapeti-HP-Laptop-15s-fq5xxx:~/rohan$ java -verion
Unrecognized option: -verion
Error: Could not create the Java Virtual Machine.
Error: A fatal exception has occurred. Program will exit.
(base) vijay-hosapeti@vijay-hosapeti-HP-Laptop-15s-fq5xxx:~/rohan$ java -verion


